This is pdfTeX, Version 3.141592653-2.6-1.40.29 (TeX Live 2026/Arch Linux) (preloaded format=pdflatex 2026.7.31)  31 JUL 2026 09:32
entering extended mode
 restricted \write18 enabled.
 %&-line parsing enabled.
**main.tex
(./main.tex
LaTeX2e <2025-11-01>
L3 programming layer <2026-01-19>
(./aastex701.cls
Document Class: aastex701 2025/05/09 Version 7.0.1/AAS markup document class
Class aastex701 Info: 

 Original \LaTeX2.09 style by Chris Biemesderfer (chris@seagoat.com). 
 Adapted to \LaTeXe by A. Ogawa (ogawa@teleport.com)
 emulateapj.cls included, Copyright Alexey Vikhlinin. 
 Rewrite and update of emulateapj.cls, revised and enhanced with table macros, 
gridlines, draft watermark,
 track changes, new `modern' style and much more, by Amy Hendrickson,
 (amyh@texnology.com, http://www.texnology.com) 
 Updated by Aptara. No longer depends on Revtex4-1 classfile
 
  on input line 50.
\bibbaselineskip=\skip49
LaTeX Info: Redefining \@centercr on input line 428.
Class aastex701 Info: Repairing hyperref-unfriendly LaTeX definition of \mpfoot
note on input line 517.
\intertabularlinepenalty=\count275
\@tbpen=\count276
\@arstrutbox@hline=\box53
Class aastex701 Info: Repairing broken LaTeX \@xbitor on input line 1642.
Class aastex701 Info: Making \typeout \long on input line 1907.
ltxfront[2022/06/05 4.2f frontmatter package (AO,DPC,MD)]
\c@affil=\count277
\c@collab=\count278
\absbox=\box54
ltxgrid[2022/06/05 4.2f page grid package (portions licensed from W. E. Baxter 
web at superscript.com)]
\c@linecount=\count279
\output@latex=\toks17
\box@size@1=\box55
\box@size@2=\box56
\@protection@box=\box57
\@topmark@saved=\toks18
\footins@saved=\box58
\footins@recovered=\box59
\column@recovered=\box60
\pagesofar=\box61
\footsofar=\box62
\pagegrid@col=\count280
Class aastex701 Info: Overriding \@vspace, \@vspacer, \@no@pgbk, \@newline, and
 \\  on input line 5351.
\c@part=\count281
\c@section=\count282
\c@subsection=\count283
\c@subsubsection=\count284
\c@paragraph=\count285
\c@subparagraph=\count286
\abovecaptionskip=\skip50
\belowcaptionskip=\skip51
\c@figure=\count287
\fbox@1=\box63
\c@table=\count288
\fbox@2=\box64
\c@video=\count289
\fbox@4=\box65
(/usr/share/texmf-dist/tex/latex/textcase/textcase.sty
Package: textcase 2025/02/16 v1.05 Text only upper/lower case changing (DPC)
Package textcase Info: Defining Legacy names on input line 20.
)
(/usr/share/texmf-dist/tex/latex/natbib/natbib.sty
Package: natbib 2010/09/13 8.31b (PWD, AO)
\bibhang=\skip52
\bibsep=\skip53
LaTeX Info: Redefining \cite on input line 694.
\c@NAT@ctr=\count290
)
Class aastex701 Info: Repairing natbib's \BibitemShut on input line 6893.

(/usr/share/texmf-dist/tex/latex/base/latexsym.sty
Package: latexsym 1998/08/17 v2.2e Standard LaTeX package (lasy symbols)
\symlasy=\mathgroup4
LaTeX Font Info:    Overwriting symbol font `lasy' in version `bold'
(Font)                  U/lasy/m/n --> U/lasy/b/n on input line 52.
)
(/usr/share/texmf-dist/tex/latex/amsfonts/amssymb.sty
Package: amssymb 2013/01/14 v3.01 AMS font symbols

(/usr/share/texmf-dist/tex/latex/amsfonts/amsfonts.sty
Package: amsfonts 2013/01/14 v3.01 Basic AMSFonts support
\@emptytoks=\toks19
\symAMSa=\mathgroup5
\symAMSb=\mathgroup6
LaTeX Font Info:    Redeclaring math symbol \hbar on input line 98.
LaTeX Font Info:    Overwriting math alphabet `\mathfrak' in version `bold'
(Font)                  U/euf/m/n --> U/euf/b/n on input line 106.
))
(/usr/share/texmf-dist/tex/generic/epsf/epsf.sty
This is `epsf.tex' v2.7.4 <14 February 2011>
\epsffilein=\read2
\epsfframemargin=\dimen148
\epsfframethickness=\dimen149
\epsfrsize=\dimen150
\epsftmp=\dimen151
\epsftsize=\dimen152
\epsfxsize=\dimen153
\epsfysize=\dimen154
\pspoints=\dimen155
) (/usr/share/texmf-dist/tex/latex/graphics/graphicx.sty
Package: graphicx 2024/12/31 v1.2e Enhanced LaTeX Graphics (DPC,SPQR)

(/usr/share/texmf-dist/tex/latex/graphics/keyval.sty
Package: keyval 2022/05/29 v1.15 key=value parser (DPC)
\KV@toks@=\toks20
)
(/usr/share/texmf-dist/tex/latex/graphics/graphics.sty
Package: graphics 2024/08/06 v1.4g Standard LaTeX Graphics (DPC,SPQR)

(/usr/share/texmf-dist/tex/latex/graphics/trig.sty
Package: trig 2023/12/02 v1.11 sin cos tan (DPC)
)
(/usr/share/texmf-dist/tex/latex/graphics-cfg/graphics.cfg
File: graphics.cfg 2016/06/04 v1.11 sample graphics configuration
)
Package graphics Info: Driver file: pdftex.def on input line 106.

(/usr/share/texmf-dist/tex/latex/graphics-def/pdftex.def
File: pdftex.def 2025/09/29 v1.2d Graphics/color driver for pdftex
))
\Gin@req@height=\dimen156
\Gin@req@width=\dimen157
)
\rptnum=\count291
\rptloopnum=\count292
\fncount=\count293
\endfncount=\count294
\c@front@matter@foot@note=\count295
\keys@width=\skip54
\c@lastfootnote=\count296
\tempsectnum=\count297
\ackbox=\box66

(/usr/share/texmf-dist/tex/latex/base/ifthen.sty
Package: ifthen 2024/03/16 v1.1e Standard LaTeX ifthen package (DPC)
)
\contribbox=\box67
\c@remember@figure@num=\count298
\c@remember@table@num=\count299
\bibskip=\skip55
\bibindent=\dimen158
\plot@width=\skip56
\c@table@save=\count300
\@abovenoteskip=\dimen159
\table@note@skip=\skip57
\deluxe@table@width=\skip58
\@d@t@a=\skip59
\c@deluxe@table@num=\count301
\LTcapwidth=\dimen160
\abovedeluxetableskip=\skip60
\belowdeluxetableskip=\skip61
\lastrowheight=\dimen161
\DT@p@ftn=\toks21
\pt@column=\count302
\pt@ncol=\count303

(/usr/share/texmf-dist/tex/latex/url/url.sty
\Urlmuskip=\muskip17
Package: url 2013/09/16  ver 3.4  Verb mode for urls, etc.
)
(/usr/share/texmf-dist/tex/latex/tools/longtable.sty
Package: longtable 2025-10-13 v4.24 Multi-page Table package (DPC)
\LTleft=\skip62
\LTright=\skip63
\LTpre=\skip64
\LTpost=\skip65
\LTchunksize=\count304
\LTcapwidth=\dimen162
\LT@head=\box68
\LT@firsthead=\box69
\LT@foot=\box70
\LT@lastfoot=\box71
\LT@gbox=\box72
\LT@cols=\count305
\LT@rows=\count306
\c@LT@tables=\count307
\c@LT@chunks=\count308
\LT@p@ftn=\toks22
)
(/usr/share/texmf-dist/tex/latex/xcolor/xcolor.sty
Package: xcolor 2024/09/29 v3.02 LaTeX color extensions (UK)

(/usr/share/texmf-dist/tex/latex/graphics-cfg/color.cfg
File: color.cfg 2016/01/02 v1.6 sample color configuration
)
Package xcolor Info: Driver file: pdftex.def on input line 274.

(/usr/share/texmf-dist/tex/latex/graphics/mathcolor.ltx)
Package xcolor Info: Model `cmy' substituted by `cmy0' on input line 1349.
Package xcolor Info: Model `hsb' substituted by `rgb' on input line 1353.
Package xcolor Info: Model `RGB' extended on input line 1365.
Package xcolor Info: Model `HTML' substituted by `rgb' on input line 1367.
Package xcolor Info: Model `Hsb' substituted by `hsb' on input line 1368.
Package xcolor Info: Model `tHsb' substituted by `hsb' on input line 1369.
Package xcolor Info: Model `HSB' substituted by `hsb' on input line 1370.
Package xcolor Info: Model `Gray' substituted by `gray' on input line 1371.
Package xcolor Info: Model `wave' substituted by `hsb' on input line 1372.
)
(/usr/share/texmf-dist/tex/latex/hyperref/hyperref.sty
Package: hyperref 2026-01-29 v7.01p Hypertext links for LaTeX

(/usr/share/texmf-dist/tex/generic/iftex/iftex.sty
Package: iftex 2024/12/12 v1.0g TeX engine tests
)
(/usr/share/texmf-dist/tex/latex/kvsetkeys/kvsetkeys.sty
Package: kvsetkeys 2022-10-05 v1.19 Key value parser (HO)
)
(/usr/share/texmf-dist/tex/generic/kvdefinekeys/kvdefinekeys.sty
Package: kvdefinekeys 2019-12-19 v1.6 Define keys (HO)
)
(/usr/share/texmf-dist/tex/generic/pdfescape/pdfescape.sty
Package: pdfescape 2019/12/09 v1.15 Implements pdfTeX's escape features (HO)

(/usr/share/texmf-dist/tex/generic/ltxcmds/ltxcmds.sty
Package: ltxcmds 2023-12-04 v1.26 LaTeX kernel commands for general use (HO)
)
(/usr/share/texmf-dist/tex/generic/pdftexcmds/pdftexcmds.sty
Package: pdftexcmds 2020-06-27 v0.33 Utility functions of pdfTeX for LuaTeX (HO
)

(/usr/share/texmf-dist/tex/generic/infwarerr/infwarerr.sty
Package: infwarerr 2019/12/03 v1.5 Providing info/warning/error messages (HO)
)
Package pdftexcmds Info: \pdf@primitive is available.
Package pdftexcmds Info: \pdf@ifprimitive is available.
Package pdftexcmds Info: \pdfdraftmode found.
))
(/usr/share/texmf-dist/tex/latex/hycolor/hycolor.sty
Package: hycolor 2020-01-27 v1.10 Color options for hyperref/bookmark (HO)
)
(/usr/share/texmf-dist/tex/latex/hyperref/nameref.sty
Package: nameref 2026-01-29 v2.58 Cross-referencing by name of section

(/usr/share/texmf-dist/tex/latex/refcount/refcount.sty
Package: refcount 2019/12/15 v3.6 Data extraction from label references (HO)
)
(/usr/share/texmf-dist/tex/generic/gettitlestring/gettitlestring.sty
Package: gettitlestring 2019/12/15 v1.6 Cleanup title references (HO)

(/usr/share/texmf-dist/tex/latex/kvoptions/kvoptions.sty
Package: kvoptions 2022-06-15 v3.15 Key value format for package options (HO)
))

Package nameref Warning: The definition of \label has changed! 
(nameref)                Check your packages! 
(nameref)                Replacing it with the kernel definition on input line 
161.

\c@section@level=\count309
) (/usr/share/texmf-dist/tex/latex/etoolbox/etoolbox.sty
Package: etoolbox 2025/10/02 v2.5m e-TeX tools for LaTeX (JAW)
\etb@tempcnta=\count310
)
(/usr/share/texmf-dist/tex/generic/stringenc/stringenc.sty
Package: stringenc 2019/11/29 v1.12 Convert strings between diff. encodings (HO
)
)
\@linkdim=\dimen163
\Hy@linkcounter=\count311
\Hy@pagecounter=\count312

(/usr/share/texmf-dist/tex/latex/hyperref/pd1enc.def
File: pd1enc.def 2026-01-29 v7.01p Hyperref: PDFDocEncoding definition (HO)
)
(/usr/share/texmf-dist/tex/generic/intcalc/intcalc.sty
Package: intcalc 2019/12/15 v1.3 Expandable calculations with integers (HO)
)
\Hy@SavedSpaceFactor=\count313

(/usr/share/texmf-dist/tex/latex/hyperref/puenc.def
File: puenc.def 2026-01-29 v7.01p Hyperref: PDF Unicode definition (HO)
)
Package hyperref Info: Option `bookmarks' set `true' on input line 4072.
Package hyperref Info: Option `pdfnewwindow' set `true' on input line 4072.
Package hyperref Info: Option `colorlinks' set `true' on input line 4072.
Package hyperref Info: Option `final' set `true' on input line 4072.
Package hyperref Info: Hyper figures OFF on input line 4201.
Package hyperref Info: Link nesting OFF on input line 4206.
Package hyperref Info: Hyper index ON on input line 4209.
Package hyperref Info: Plain pages OFF on input line 4216.
Package hyperref Info: Backreferencing OFF on input line 4221.
Package hyperref Info: Implicit mode ON; LaTeX internals redefined.
Package hyperref Info: Bookmarks ON on input line 4468.
LaTeX Info: Redefining \href on input line 4718.
\c@Hy@tempcnt=\count314
LaTeX Info: Redefining \url on input line 4807.
\XeTeXLinkMargin=\dimen164

(/usr/share/texmf-dist/tex/generic/bitset/bitset.sty
Package: bitset 2019/12/09 v1.3 Handle bit-vector datatype (HO)

(/usr/share/texmf-dist/tex/generic/bigintcalc/bigintcalc.sty
Package: bigintcalc 2019/12/15 v1.5 Expandable calculations on big integers (HO
)
))
\Fld@menulength=\count315
\Field@Width=\dimen165
\Fld@charsize=\dimen166
Package hyperref Info: Hyper figures OFF on input line 6084.
Package hyperref Info: Link nesting OFF on input line 6089.
Package hyperref Info: Hyper index ON on input line 6092.
Package hyperref Info: backreferencing OFF on input line 6099.
Package hyperref Info: Link coloring ON on input line 6102.
Package hyperref Info: Link coloring with OCG OFF on input line 6109.
Package hyperref Info: PDF/A mode OFF on input line 6114.
\Hy@abspage=\count316
\c@Item=\count317
\c@Hfootnote=\count318
)
Package hyperref Info: Driver (autodetected): hpdftex.

(/usr/share/texmf-dist/tex/latex/hyperref/hpdftex.def
File: hpdftex.def 2026-01-29 v7.01p Hyperref driver for pdfTeX
\Fld@listcount=\count319
\c@bookmark@seq@number=\count320

(/usr/share/texmf-dist/tex/latex/rerunfilecheck/rerunfilecheck.sty
Package: rerunfilecheck 2025-06-21 v1.11 Rerun checks for auxiliary files (HO)

(/usr/share/texmf-dist/tex/generic/uniquecounter/uniquecounter.sty
Package: uniquecounter 2019/12/15 v1.4 Provide unlimited unique counter (HO)
)
Package uniquecounter Info: New unique counter `rerunfilecheck' on input line 2
84.
)
\Hy@SectionHShift=\skip66
)
(/usr/share/texmf-dist/tex/latex/tools/array.sty
Package: array 2025/09/25 v2.6n Tabular extension package (FMi)
\col@sep=\dimen167
\ar@mcellbox=\box73
\extrarowheight=\dimen168
\NC@list=\toks23
\extratabsurround=\skip67
\backup@length=\skip68
\ar@cellbox=\box74
)
\colcount=\count321
\firstcolcount=\count322
\secondcolcount=\count323
\thirdcolcount=\count324
\columncount=\count325
\howmanyDs=\count326
\firsthowmanyDs=\count327
\secondhowmanyDs=\count328
\PartsOfTable=\count329
\columnoneandtwo=\count330
\colnumsused=\count331
\loopnum=\count332
\totalcolumncount=\count333
\totalcolumns=\count334
\firsttablebox=\box75
\secondtablebox=\box76
\thirdtablebox=\box77
\deluxetablecnt=\count335
\toprulebelowsep=\dimen169

(/usr/share/texmf-dist/tex/latex/graphics/rotating.sty
Package: rotating 2025/01/14 v2.16e rotated objects in LaTeX
\c@r@tfl@t=\count336
\rotFPtop=\skip69
\rotFPbot=\skip70
\rot@float@box=\box78
\rot@mess@toks=\toks24
)
\zdeluxetablecnt=\count337
\longtablebox=\box79
\aassplitbox=\box80
\movetabledown=\dimen170
\maxtablewidth=\dimen171
\savetabskip=\dimen172
\tempcounter=\count338
\colheadcount=\count339
\rotatetablebox=\box81
\tempallauthorcnt=\count340
\printallauthorcnt=\count341
\refchangenumber=\count342
\listchangenum=\count343

(/usr/share/texmf-dist/tex/generic/ulem/ulem.sty
\UL@box=\box82
\UL@hyphenbox=\box83
\UL@skip=\skip71
\UL@hook=\toks25
\UL@height=\dimen173
\UL@pe=\count344
\UL@pixel=\dimen174
\ULC@box=\box84
Package: ulem 2019/11/18
\ULdepth=\dimen175
)
\entriesinthiscollab=\count345
\allentries=\count346
\allauthorcnt=\count347
\cofirstauthorcnt=\count348
\AuthorCollaborationLimit=\count349
\largestAffilNum=\count350
\totalentries=\count351
\docollabnum=\count352
\@docollabnum=\count353
\tempauthornumber=\count354
\countauthors=\count355
\testnum=\count356
\restauentries=\count357
\tempauthorminusone=\count358
\affilnum=\count359
\c@affilcount=\count360
\numauthors=\count361
\collabnum=\count362
\collabnamebox=\box85
\widetext@top=\box86
\widetext@bot=\box87
\currwidth=\dimen176
\interactbox=\box88
\movetableright=\dimen177

(/usr/share/texmf-dist/tex/latex/lineno/lineno.sty
Package: lineno 2026/02/16 line numbers on paragraphs v5.7
\linenopenalty=\count363
\output=\toks26
\linenoprevgraf=\count364
\linenumbersep=\dimen178
\linenumberwidth=\dimen179
\c@linenumber=\count365
\c@pagewiselinenumber=\count366
\c@LN@truepage=\count367
\c@internallinenumber=\count368
\c@internallinenumbers=\count369
\quotelinenumbersep=\dimen180
\bframerule=\dimen181
\bframesep=\dimen182
\bframebox=\box89
))
(/usr/share/texmf-dist/tex/latex/geometry/geometry.sty
Package: geometry 2020/01/02 v5.9 Page Geometry

(/usr/share/texmf-dist/tex/generic/iftex/ifvtex.sty
Package: ifvtex 2019/10/25 v1.7 ifvtex legacy package. Use iftex instead.
)
\Gm@cnth=\count370
\Gm@cntv=\count371
\c@Gm@tempcnt=\count372
\Gm@bindingoffset=\dimen183
\Gm@wd@mp=\dimen184
\Gm@odd@mp=\dimen185
\Gm@even@mp=\dimen186
\Gm@layoutwidth=\dimen187
\Gm@layoutheight=\dimen188
\Gm@layouthoffset=\dimen189
\Gm@layoutvoffset=\dimen190
\Gm@dimlist=\toks27
)
(/usr/share/texmf-dist/tex/latex/float/float.sty
Package: float 2001/11/08 v1.3d Float enhancements (AL)
\c@float@type=\count373
\float@exts=\toks28
\float@box=\box90
\@float@everytoks=\toks29
\@floatcapt=\box91
)
Class aastex701 Info: Unrecognized array package. Please update this document c
lass! (Proceeding with fingers crossed.) on input line 10.


Class aastex701 Warning: Repair the float package.

Class aastex701 Info: Patching unrecognized longtable package. (Proceeding with
 fingers crossed) on input line 10.
Class aastex701 Info: cite was not loaded (OK!) on input line 10.
Class aastex701 Info: mcite was not loaded (OK!) on input line 10.
Class aastex701 Info: multicol was not loaded (OK!) on input line 10.
(/usr/share/texmf-dist/tex/latex/l3backend/l3backend-pdftex.def
File: l3backend-pdftex.def 2025-10-09 L3 backend support: PDF output (pdfTeX)
\l__color_backend_stack_int=\count374
) (./main.aux)
\openout1 = `main.aux'.

LaTeX Font Info:    Checking defaults for OML/cmm/m/it on input line 10.
LaTeX Font Info:    ... okay on input line 10.
LaTeX Font Info:    Checking defaults for OMS/cmsy/m/n on input line 10.
LaTeX Font Info:    ... okay on input line 10.
LaTeX Font Info:    Checking defaults for OT1/cmr/m/n on input line 10.
LaTeX Font Info:    ... okay on input line 10.
LaTeX Font Info:    Checking defaults for T1/cmr/m/n on input line 10.
LaTeX Font Info:    ... okay on input line 10.
LaTeX Font Info:    Checking defaults for TS1/cmr/m/n on input line 10.
LaTeX Font Info:    ... okay on input line 10.
LaTeX Font Info:    Checking defaults for OMX/cmex/m/n on input line 10.
LaTeX Font Info:    ... okay on input line 10.
LaTeX Font Info:    Checking defaults for U/cmr/m/n on input line 10.
LaTeX Font Info:    ... okay on input line 10.
LaTeX Font Info:    Checking defaults for PD1/pdf/m/n on input line 10.
LaTeX Font Info:    ... okay on input line 10.
LaTeX Font Info:    Checking defaults for PU/pdf/m/n on input line 10.
LaTeX Font Info:    ... okay on input line 10.

(/usr/share/texmf-dist/tex/context/base/mkii/supp-pdf.mkii
[Loading MPS to PDF converter (version 2006.09.02).]
\scratchcounter=\count375
\scratchdimen=\dimen191
\scratchbox=\box92
\nofMPsegments=\count376
\nofMParguments=\count377
\everyMPshowfont=\toks30
\MPscratchCnt=\count378
\MPscratchDim=\dimen192
\MPnumerator=\count379
\makeMPintoPDFobject=\count380
\everyMPtoPDFconversion=\toks31
) (/usr/share/texmf-dist/tex/latex/epstopdf-pkg/epstopdf-base.sty
Package: epstopdf-base 2020-01-24 v2.11 Base part for package epstopdf
Package epstopdf-base Info: Redefining graphics rule for `.eps' on input line 4
85.

(/usr/share/texmf-dist/tex/latex/latexconfig/epstopdf-sys.cfg
File: epstopdf-sys.cfg 2010/07/13 v1.3 Configuration of (r)epstopdf for TeX Liv
e
))
Package hyperref Info: Link coloring ON on input line 10.
 (./main.out)
(./main.out)
\@outlinefile=\write3
\openout3 = `main.out'.


*geometry* driver: auto-detecting
*geometry* detected driver: pdftex
*geometry* verbose mode - [ preamble ] result:
* driver: pdftex
* paper: letterpaper
* layout: <same size as paper>
* layoutoffset:(h,v)=(0.0pt,0.0pt)
* modes: twoside asymmetric 
* h-part:(L,W,R)=(72.26999pt, 469.75502pt, 72.26999pt)
* v-part:(T,H,B)=(72.26999pt, 650.43001pt, 72.26999pt)
* \paperwidth=614.295pt
* \paperheight=794.96999pt
* \textwidth=469.75502pt
* \textheight=650.43001pt
* \oddsidemargin=0.0pt
* \evensidemargin=0.0pt
* \topmargin=-46.97505pt
* \headheight=10.84006pt
* \headsep=36.135pt
* \topskip=12.5pt
* \footskip=30.0pt
* \marginparwidth=107.0pt
* \marginparsep=6.0pt
* \columnsep=28.58437pt
* \skip\footins=24.0pt
* \hoffset=-21.33955pt
* \voffset=-56.9055pt
* \mag=1000
* \@twocolumnfalse
* \@twosidetrue
* \@mparswitchfalse
* \@reversemarginfalse
* (1in=72.27pt=25.4mm, 1cm=28.453pt)

LaTeX Font Info:    Trying to load font information for U+lasy on input line 23
.
(/usr/share/texmf-dist/tex/latex/base/ulasy.fd
File: ulasy.fd 1998/08/17 v2.2e LaTeX symbol font definitions
)
LaTeX Font Info:    Trying to load font information for U+msa on input line 23.


(/usr/share/texmf-dist/tex/latex/amsfonts/umsa.fd
File: umsa.fd 2013/01/14 v3.01 AMS symbols A
)
LaTeX Font Info:    Trying to load font information for U+msb on input line 23.


(/usr/share/texmf-dist/tex/latex/amsfonts/umsb.fd
File: umsb.fd 2013/01/14 v3.01 AMS symbols B
)
Missing character: There is no ≈ in font cmr10!
Missing character: There is no æ in font cmr10!
Missing character: There is no Â in font cmr10!
Missing character: There is no Á in font cmr10!
Missing character: There is no é in font cmr10!
Missing character: There is no ã in font cmr10!

LaTeX Warning: Command \r invalid in math mode on input line 37.


LaTeX Warning: Command \r invalid in math mode on input line 37.


LaTeX Warning: Command \r invalid in math mode on input line 37.


LaTeX Warning: Command \r invalid in math mode on input line 41.


LaTeX Warning: Command \r invalid in math mode on input line 41.

[1{/var/lib/texmf/fonts/map/pdftex/updmap/pdftex.map}]

LaTeX Warning: Command \r invalid in math mode on input line 43.


LaTeX Warning: Command \r invalid in math mode on input line 43.


LaTeX Warning: Command \r invalid in math mode on input line 43.


LaTeX Warning: Command \r invalid in math mode on input line 43.


LaTeX Warning: Command \r invalid in math mode on input line 45.


LaTeX Warning: Command \r invalid in math mode on input line 45.


LaTeX Warning: Command \r invalid in math mode on input line 45.


LaTeX Warning: Command \r invalid in math mode on input line 45.


LaTeX Warning: Command \r invalid in math mode on input line 45.

<Helium_States.png, id=161, 347.2975pt x 367.3725pt>
File: Helium_States.png Graphic file (type png)
<use Helium_States.png>
Package pdftex.def Info: Helium_States.png  used on input line 49.
(pdftex.def)             Requested size: 284.52756pt x 300.98392pt.

LaTeX Warning: Command \r invalid in math mode on input line 58.

Missing character: There is no ≈ in font cmr10!
Missing character: There is no æ in font cmr10!
Missing character: There is no Â in font cmr10!
Missing character: There is no Á in font cmr10!
Missing character: There is no é in font cmr10!
Missing character: There is no ã in font cmr10!

LaTeX Warning: Command \r invalid in math mode on input line 60.


LaTeX Warning: Command \r invalid in math mode on input line 60.

[2
pdfTeX warning (ext4): destination with the same identifier (name{figure.1}) ha
s been already used, duplicate ignored
<argument> ...shipout:D \box_use:N \l_shipout_box 
                                                  \__shipout_drop_firstpage_...
l.61 
      <./Helium_States.png>]

LaTeX Warning: Command \r invalid in math mode on input line 69.


LaTeX Warning: Command \r invalid in math mode on input line 69.


LaTeX Warning: Command \r invalid in math mode on input line 69.


LaTeX Warning: Command \r invalid in math mode on input line 69.

Missing character: There is no ≈ in font cmr10!
Missing character: There is no æ in font cmr10!
Missing character: There is no Â in font cmr10!
Missing character: There is no Á in font cmr10!
Missing character: There is no é in font cmr10!
Missing character: There is no ã in font cmr10!

LaTeX Warning: Command \r invalid in math mode on input line 74.


LaTeX Warning: Command \r invalid in math mode on input line 74.


LaTeX Warning: Command \r invalid in math mode on input line 77.


LaTeX Warning: Command \r invalid in math mode on input line 79.


LaTeX Warning: Command \r invalid in math mode on input line 79.


LaTeX Warning: Command \r invalid in math mode on input line 79.


LaTeX Warning: Command \r invalid in math mode on input line 79.


LaTeX Warning: Command \r invalid in math mode on input line 83.


LaTeX Warning: Command \r invalid in math mode on input line 83.


LaTeX Warning: Command \r invalid in math mode on input line 87.


LaTeX Warning: Command \r invalid in math mode on input line 87.


LaTeX Warning: Command \r invalid in math mode on input line 98.


LaTeX Warning: Command \r invalid in math mode on input line 102.

[3
pdfTeX warning (ext4): destination with the same identifier (name{table.1}) has
 been already used, duplicate ignored
<argument> ...shipout:D \box_use:N \l_shipout_box 
                                                  \__shipout_drop_firstpage_...
l.111 
      ]

LaTeX Warning: Command \r invalid in math mode on input line 118.


LaTeX Warning: Command \r invalid in math mode on input line 136.


LaTeX Warning: Command \r invalid in math mode on input line 136.


LaTeX Warning: Command \r invalid in math mode on input line 136.


LaTeX Warning: Command \r invalid in math mode on input line 151.


LaTeX Warning: Command \r invalid in math mode on input line 151.


LaTeX Warning: Command \r invalid in math mode on input line 151.

[4
pdfTeX warning (ext4): destination with the same identifier (name{table.2}) has
 been already used, duplicate ignored
<argument> ...shipout:D \box_use:N \l_shipout_box 
                                                  \__shipout_drop_firstpage_...
l.152 
      ]

LaTeX Warning: Command \r invalid in math mode on input line 157.


LaTeX Warning: Command \r invalid in math mode on input line 157.


LaTeX Warning: Command \r invalid in math mode on input line 172.


LaTeX Warning: Command \r invalid in math mode on input line 172.


LaTeX Warning: Command \r invalid in math mode on input line 172.


LaTeX Warning: Command \r invalid in math mode on input line 174.


LaTeX Warning: Command \r invalid in math mode on input line 174.


LaTeX Warning: Command \r invalid in math mode on input line 183.


LaTeX Warning: Command \r invalid in math mode on input line 191.

[5
pdfTeX warning (ext4): destination with the same identifier (name{table.3}) has
 been already used, duplicate ignored
<argument> ...shipout:D \box_use:N \l_shipout_box 
                                                  \__shipout_drop_firstpage_...
l.202 F
       or simplicity, we assume the abundance ratio here is approximately 0....
]

LaTeX Warning: Command \r invalid in math mode on input line 210.

<glimpse-obs02-v4_g395m-f290lp_9223_17775_fitted.png, id=247, 324.4923pt x 196.
21304pt>
File: glimpse-obs02-v4_g395m-f290lp_9223_17775_fitted.png Graphic file (type pn
g)
<use glimpse-obs02-v4_g395m-f290lp_9223_17775_fitted.png>
Package pdftex.def Info: glimpse-obs02-v4_g395m-f290lp_9223_17775_fitted.png  u
sed on input line 216.
(pdftex.def)             Requested size: 256.0748pt x 105.67473pt.

Overfull \hbox (44.68648pt too wide) in paragraph at lines 216--218
 [][] 
 []

<rubies-uds1-v4_g395m-f290lp_4233_40579_fitted.png, id=249, 333.1647pt x 198.74
25pt>
File: rubies-uds1-v4_g395m-f290lp_4233_40579_fitted.png Graphic file (type png)

<use rubies-uds1-v4_g395m-f290lp_4233_40579_fitted.png>
Package pdftex.def Info: rubies-uds1-v4_g395m-f290lp_4233_40579_fitted.png  use
d on input line 223.
(pdftex.def)             Requested size: 256.0748pt x 104.86476pt.

Overfull \hbox (44.68648pt too wide) in paragraph at lines 223--225
 [][] 
 []

<rubies-uds31-v4_g395m-f290lp_4233_154183_fitted.png, id=251, 328.1058pt x 196.
21304pt>
File: rubies-uds31-v4_g395m-f290lp_4233_154183_fitted.png Graphic file (type pn
g)
<use rubies-uds31-v4_g395m-f290lp_4233_154183_fitted.png>
Package pdftex.def Info: rubies-uds31-v4_g395m-f290lp_4233_154183_fitted.png  u
sed on input line 228.
(pdftex.def)             Requested size: 256.0748pt x 104.50809pt.

Overfull \hbox (44.68648pt too wide) in paragraph at lines 228--230
 [][] 
 []


LaTeX Warning: Command \r invalid in math mode on input line 236.

<predicted-ratios-lower-range.png, id=253, 462.528pt x 346.896pt>
File: predicted-ratios-lower-range.png Graphic file (type png)
<use predicted-ratios-lower-range.png>
Package pdftex.def Info: predicted-ratios-lower-range.png  used on input line 2
44.
(pdftex.def)             Requested size: 256.0748pt x 192.06375pt.

Overfull \hbox (44.68648pt too wide) in paragraph at lines 244--246
 [][] 
 []

<density-lines-lower-range.png, id=255, 462.528pt x 346.896pt>
File: density-lines-lower-range.png Graphic file (type png)
<use density-lines-lower-range.png>
Package pdftex.def Info: density-lines-lower-range.png  used on input line 249.

(pdftex.def)             Requested size: 256.0748pt x 192.06375pt.

Overfull \hbox (44.68648pt too wide) in paragraph at lines 249--251
 [][] 
 []

[6
pdfTeX warning (ext4): destination with the same identifier (name{figure.2}) ha
s been already used, duplicate ignored
<argument> ...shipout:D \box_use:N \l_shipout_box 
                                                  \__shipout_drop_firstpage_...
l.254 
      
pdfTeX warning (ext4): destination with the same identifier (name{figure.3}) ha
s been already used, duplicate ignored
<argument> ...shipout:D \box_use:N \l_shipout_box 
                                                  \__shipout_drop_firstpage_...
l.254 
      
pdfTeX warning (ext4): destination with the same identifier (name{figure.4}) ha
s been already used, duplicate ignored
<argument> ...shipout:D \box_use:N \l_shipout_box 
                                                  \__shipout_drop_firstpage_...
l.254 
       <./glimpse-obs02-v4_g395m-f290lp_9223_17775_fitted.png> <./rubies-uds1-v
4_g395m-f290lp_4233_40579_fitted.png> <./rubies-uds31-v4_g395m-f290lp_4233_1541
83_fitted.png>]

LaTeX Warning: Command \r invalid in math mode on input line 255.


LaTeX Warning: Command \r invalid in math mode on input line 255.

<predicted-ratios-higher-range.png, id=271, 462.528pt x 346.896pt>
File: predicted-ratios-higher-range.png Graphic file (type png)
<use predicted-ratios-higher-range.png>
Package pdftex.def Info: predicted-ratios-higher-range.png  used on input line 
259.
(pdftex.def)             Requested size: 256.0748pt x 192.06375pt.

Overfull \hbox (44.68648pt too wide) in paragraph at lines 259--261
 [][] 
 []

<density-lines-higher-range.png, id=273, 462.528pt x 346.896pt>
File: density-lines-higher-range.png Graphic file (type png)
<use density-lines-higher-range.png>
Package pdftex.def Info: density-lines-higher-range.png  used on input line 264
.
(pdftex.def)             Requested size: 256.0748pt x 192.06375pt.

Overfull \hbox (44.68648pt too wide) in paragraph at lines 264--266
 [][] 
 []

[7
pdfTeX warning (ext4): destination with the same identifier (name{figure.5}) ha
s been already used, duplicate ignored
<argument> ...shipout:D \box_use:N \l_shipout_box 
                                                  \__shipout_drop_firstpage_...
l.269 
      
pdfTeX warning (ext4): destination with the same identifier (name{figure.6}) ha
s been already used, duplicate ignored
<argument> ...shipout:D \box_use:N \l_shipout_box 
                                                  \__shipout_drop_firstpage_...
l.269 
       <./predicted-ratios-lower-range.png> <./density-lines-lower-range.png>]

LaTeX Warning: Command \r invalid in math mode on input line 270.


LaTeX Warning: Command \r invalid in math mode on input line 270.


LaTeX Warning: Command \r invalid in math mode on input line 274.


LaTeX Warning: Command \r invalid in math mode on input line 274.


LaTeX Warning: Command \r invalid in math mode on input line 274.


LaTeX Warning: Command \r invalid in math mode on input line 274.

<profile-395_000169045_P4-He1_5876A.png, id=288, 330.9966pt x 196.21304pt>
File: profile-395_000169045_P4-He1_5876A.png Graphic file (type png)
<use profile-395_000169045_P4-He1_5876A.png>
Package pdftex.def Info: profile-395_000169045_P4-He1_5876A.png  used on input 
line 280.
(pdftex.def)             Requested size: 256.0748pt x 103.60092pt.

Overfull \hbox (44.68648pt too wide) in paragraph at lines 280--282
 [][] 
 []


LaTeX Warning: Command \r invalid in math mode on input line 282.

<profile-395_000102364_P5-He1_7065A.png, id=290, 325.9377pt x 196.21304pt>
File: profile-395_000102364_P5-He1_7065A.png Graphic file (type png)
<use profile-395_000102364_P5-He1_7065A.png>
Package pdftex.def Info: profile-395_000102364_P5-He1_7065A.png  used on input 
line 285.
(pdftex.def)             Requested size: 256.0748pt x 105.2089pt.

Overfull \hbox (44.68648pt too wide) in paragraph at lines 285--287
 [][] 
 []


LaTeX Warning: Command \r invalid in math mode on input line 287.

[8
pdfTeX warning (ext4): destination with the same identifier (name{figure.7}) ha
s been already used, duplicate ignored
<argument> ...shipout:D \box_use:N \l_shipout_box 
                                                  \__shipout_drop_firstpage_...
l.292 
      
pdfTeX warning (ext4): destination with the same identifier (name{figure.8}) ha
s been already used, duplicate ignored
<argument> ...shipout:D \box_use:N \l_shipout_box 
                                                  \__shipout_drop_firstpage_...
l.292 
      
pdfTeX warning (ext4): destination with the same identifier (name{figure.9}) ha
s been already used, duplicate ignored
<argument> ...shipout:D \box_use:N \l_shipout_box 
                                                  \__shipout_drop_firstpage_...
l.292 
      
pdfTeX warning (ext4): destination with the same identifier (name{figure.10}) h
as been already used, duplicate ignored
<argument> ...shipout:D \box_use:N \l_shipout_box 
                                                  \__shipout_drop_firstpage_...
l.292 
       <./predicted-ratios-higher-range.png> <./density-lines-higher-range.png>
 <./profile-395_000169045_P4-He1_5876A.png> <./profile-395_000102364_P5-He1_706
5A.png>]

LaTeX Warning: Command \r invalid in math mode on input line 293.


LaTeX Warning: Command \r invalid in math mode on input line 293.

Missing character: There is no ‚ in font cmr10!
Missing character: There is no Ä in font cmr10!
Missing character: There is no ú in font cmr10!
Missing character: There is no ‚ in font cmr10!
Missing character: There is no Ä in font cmr10!
Missing character: There is no ù in font cmr10!
Missing character: There is no ‚ in font cmr10!
Missing character: There is no Ä in font cmr10!
Missing character: There is no ú in font cmr10!
Missing character: There is no ‚ in font cmr10!
Missing character: There is no Ä in font cmr10!
Missing character: There is no ù in font cmr10!
<pyneb_matrix.png, id=311, 462.528pt x 346.896pt>
File: pyneb_matrix.png Graphic file (type png)
<use pyneb_matrix.png>
Package pdftex.def Info: pyneb_matrix.png  used on input line 305.
(pdftex.def)             Requested size: 284.52756pt x 213.40593pt.
<final_plot.png, id=312, 462.528pt x 346.896pt>
File: final_plot.png Graphic file (type png)
<use final_plot.png>
Package pdftex.def Info: final_plot.png  used on input line 313.
(pdftex.def)             Requested size: 190.24818pt x 142.68878pt.
<final_plot_dust_correction.png, id=313, 462.528pt x 346.896pt>
File: final_plot_dust_correction.png Graphic file (type png)
<use final_plot_dust_correction.png>
Package pdftex.def Info: final_plot_dust_correction.png  used on input line 317
.
(pdftex.def)             Requested size: 190.24818pt x 142.68878pt.
[9
pdfTeX warning (ext4): destination with the same identifier (name{figure.11}) h
as been already used, duplicate ignored
<argument> ...shipout:D \box_use:N \l_shipout_box 
                                                  \__shipout_drop_firstpage_...
l.322 
       <./pyneb_matrix.png>]

LaTeX Warning: Command \r invalid in math mode on input line 336.


LaTeX Warning: Command \r invalid in math mode on input line 336.


LaTeX Warning: Command \r invalid in math mode on input line 336.


LaTeX Warning: Command \r invalid in math mode on input line 336.


LaTeX Warning: Command \r invalid in math mode on input line 336.


LaTeX Warning: Command \r invalid in math mode on input line 336.


LaTeX Warning: Command \r invalid in math mode on input line 338.


LaTeX Warning: Command \r invalid in math mode on input line 338.


LaTeX Warning: Command \r invalid in math mode on input line 338.


LaTeX Warning: Command \r invalid in math mode on input line 351.

[10
pdfTeX warning (ext4): destination with the same identifier (name{figure.12}) h
as been already used, duplicate ignored
<argument> ...shipout:D \box_use:N \l_shipout_box 
                                                  \__shipout_drop_firstpage_...
l.353 \section
              {Conclusions}
pdfTeX warning (ext4): destination with the same identifier (name{figure.13}) h
as been already used, duplicate ignored
<argument> ...shipout:D \box_use:N \l_shipout_box 
                                                  \__shipout_drop_firstpage_...
l.353 \section
              {Conclusions} <./final_plot.png> <./final_plot_dust_correction.pn
g>] (./main.bbl
Missing character: There is no ‚ in font cmr9!
Missing character: There is no Ä in font cmr9!
Missing character: There is no ì in font cmr9!
Missing character: There is no ‚ in font cmr9!
Missing character: There is no Ä in font cmr9!
Missing character: There is no ì in font cmr9!
Missing character: There is no ≈ in font cmr9!
Missing character: There is no æ in font cmr9!
Missing character: There is no ‚ in font cmr9!
Missing character: There is no Ä in font cmr9!
Missing character: There is no ì in font cmr9!
[11]
Missing character: There is no Á in font cmr9!
Missing character: There is no é in font cmr9!
Missing character: There is no ã in font cmr9!
Missing character: There is no Â in font cmr9!
) [12] (./main.aux)
 ***********
LaTeX2e <2025-11-01>
L3 programming layer <2026-01-19>
 ***********


LaTeX Warning: Label(s) may have changed. Rerun to get cross-references right.

Package rerunfilecheck Info: File `main.out' has not changed.
(rerunfilecheck)             Checksum: 0D350A1AE7FC100BF565217343BE0ABB;2964.
 ) 
Here is how much of TeX's memory you used:
 13547 strings out of 469515
 201055 string characters out of 5470807
 678754 words of memory out of 5000000
 41972 multiletter control sequences out of 15000+600000
 638810 words of font info for 85 fonts, out of 8000000 for 9000
 14 hyphenation exceptions out of 8191
 90i,10n,93p,1065b,652s stack positions out of 10000i,1000n,20000p,200000b,200000s
</usr/share/texmf-dist/fonts/type1/public/amsfonts/cm/cmbx10.pfb></usr/share/
texmf-dist/fonts/type1/public/amsfonts/cm/cmbx8.pfb></usr/share/texmf-dist/font
s/type1/public/amsfonts/cm/cmbx9.pfb></usr/share/texmf-dist/fonts/type1/public/
amsfonts/cm/cmcsc10.pfb></usr/share/texmf-dist/fonts/type1/public/amsfonts/cm/c
mex10.pfb></usr/share/texmf-dist/fonts/type1/public/amsfonts/cm/cmmi10.pfb></us
r/share/texmf-dist/fonts/type1/public/amsfonts/cm/cmmi5.pfb></usr/share/texmf-d
ist/fonts/type1/public/amsfonts/cm/cmmi6.pfb></usr/share/texmf-dist/fonts/type1
/public/amsfonts/cm/cmmi7.pfb></usr/share/texmf-dist/fonts/type1/public/amsfont
s/cm/cmmi9.pfb></usr/share/texmf-dist/fonts/type1/public/amsfonts/cm/cmr10.pfb>
</usr/share/texmf-dist/fonts/type1/public/amsfonts/cm/cmr5.pfb></usr/share/texm
f-dist/fonts/type1/public/amsfonts/cm/cmr6.pfb></usr/share/texmf-dist/fonts/typ
e1/public/amsfonts/cm/cmr7.pfb></usr/share/texmf-dist/fonts/type1/public/amsfon
ts/cm/cmr8.pfb></usr/share/texmf-dist/fonts/type1/public/amsfonts/cm/cmr9.pfb><
/usr/share/texmf-dist/fonts/type1/public/amsfonts/cm/cmsy10.pfb></usr/share/tex
mf-dist/fonts/type1/public/amsfonts/cm/cmsy6.pfb></usr/share/texmf-dist/fonts/t
ype1/public/amsfonts/cm/cmsy7.pfb></usr/share/texmf-dist/fonts/type1/public/ams
fonts/cm/cmsy9.pfb></usr/share/texmf-dist/fonts/type1/public/amsfonts/cm/cmti10
.pfb></usr/share/texmf-dist/fonts/type1/public/amsfonts/cm/cmti8.pfb></usr/shar
e/texmf-dist/fonts/type1/public/amsfonts/cm/cmti9.pfb></usr/share/texmf-dist/fo
nts/type1/public/amsfonts/cm/cmtt10.pfb></usr/share/texmf-dist/fonts/type1/publ
ic/amsfonts/cm/cmtt9.pfb>
Output written on main.pdf (12 pages, 1016096 bytes).
PDF statistics:
 491 PDF objects out of 1000 (max. 8388607)
 388 compressed objects within 4 object streams
 78 named destinations out of 1000 (max. 500000)
 296 words of extra memory for PDF output out of 10000 (max. 10000000)

